  Cube.cpp
  GLUTCallbacks.cpp
  HelloGL.cpp
C:\Users\a013867o\Documents\GitHub\OpenGL-FreeGLUT-Project\HelloGL\HelloGL.cpp(79,2): warning C4156: deletion of an array expression without using the array form of 'delete'; array form substituted
C:\Users\a013867o\Documents\GitHub\OpenGL-FreeGLUT-Project\HelloGL\HelloGL.cpp(79,2): warning C4154: deletion of an array expression; conversion to pointer supplied
  main.cpp
  MeshLoader.cpp
C:\Users\a013867o\Documents\GitHub\OpenGL-FreeGLUT-Project\HelloGL\Structures.h(16,10): error C3646: 'r': unknown override specifier
C:\Users\a013867o\Documents\GitHub\OpenGL-FreeGLUT-Project\HelloGL\Structures.h(16,11): error C2059: syntax error: ','
C:\Users\a013867o\Documents\GitHub\OpenGL-FreeGLUT-Project\HelloGL\Structures.h(16,17): error C2238: unexpected token(s) preceding ';'
C:\Users\a013867o\Documents\GitHub\OpenGL-FreeGLUT-Project\HelloGL\Structures.h(21,10): error C3646: 'x': unknown override specifier
C:\Users\a013867o\Documents\GitHub\OpenGL-FreeGLUT-Project\HelloGL\Structures.h(21,11): error C2059: syntax error: ','
C:\Users\a013867o\Documents\GitHub\OpenGL-FreeGLUT-Project\HelloGL\Structures.h(21,17): error C2238: unexpected token(s) preceding ';'
C:\Users\a013867o\Documents\GitHub\OpenGL-FreeGLUT-Project\HelloGL\Structures.h(28,10): error C2143: syntax error: missing ';' before '*'
C:\Users\a013867o\Documents\GitHub\OpenGL-FreeGLUT-Project\HelloGL\Structures.h(28,2): error C4430: missing type specifier - int assumed. Note: C++ does not support default-int
C:\Users\a013867o\Documents\GitHub\OpenGL-FreeGLUT-Project\HelloGL\Structures.h(28,19): error C2238: unexpected token(s) preceding ';'
C:\Program Files (x86)\Windows Kits\10\Include\10.0.22621.0\um\GL\gl.h(1157,11): error C2144: syntax error: 'void' should be preceded by ';'
C:\Program Files (x86)\Windows Kits\10\Include\10.0.22621.0\um\GL\gl.h(1157,1): error C4430: missing type specifier - int assumed. Note: C++ does not support default-int
C:\Program Files (x86)\Windows Kits\10\Include\10.0.22621.0\um\GL\gl.h(1157,16): error C2182: 'APIENTRY': this use of 'void' is not valid
C:\Program Files (x86)\Windows Kits\10\Include\10.0.22621.0\um\GL\gl.h(1157,25): error C2146: syntax error: missing ';' before identifier 'glAccum'
C:\Program Files (x86)\Windows Kits\10\Include\10.0.22621.0\um\GL\gl.h(1157,25): error C4430: missing type specifier - int assumed. Note: C++ does not support default-int
C:\Program Files (x86)\Windows Kits\10\Include\10.0.22621.0\um\GL\gl.h(1158,11): error C2144: syntax error: 'void' should be preceded by ';'
C:\Program Files (x86)\Windows Kits\10\Include\10.0.22621.0\um\GL\gl.h(1158,1): error C4430: missing type specifier - int assumed. Note: C++ does not support default-int
C:\Program Files (x86)\Windows Kits\10\Include\10.0.22621.0\um\GL\gl.h(1158,1): error C2086: 'int WINGDIAPI': redefinition
C:\Program Files (x86)\Windows Kits\10\Include\10.0.22621.0\um\GL\gl.h(1158,16): error C2182: 'APIENTRY': this use of 'void' is not valid
C:\Program Files (x86)\Windows Kits\10\Include\10.0.22621.0\um\GL\gl.h(1158,16): error C2086: 'int APIENTRY': redefinition
C:\Program Files (x86)\Windows Kits\10\Include\10.0.22621.0\um\GL\gl.h(1158,25): error C2146: syntax error: missing ';' before identifier 'glAlphaFunc'
C:\Program Files (x86)\Windows Kits\10\Include\10.0.22621.0\um\GL\gl.h(1158,25): error C4430: missing type specifier - int assumed. Note: C++ does not support default-int
C:\Program Files (x86)\Windows Kits\10\Include\10.0.22621.0\um\GL\gl.h(1159,1): error C4430: missing type specifier - int assumed. Note: C++ does not support default-int
C:\Program Files (x86)\Windows Kits\10\Include\10.0.22621.0\um\GL\gl.h(1159,1): error C2086: 'int WINGDIAPI': redefinition
C:\Program Files (x86)\Windows Kits\10\Include\10.0.22621.0\um\GL\gl.h(1159,11): error C2146: syntax error: missing ';' before identifier 'GLboolean'
C:\Program Files (x86)\Windows Kits\10\Include\10.0.22621.0\um\GL\gl.h(1160,11): error C2144: syntax error: 'void' should be preceded by ';'
C:\Program Files (x86)\Windows Kits\10\Include\10.0.22621.0\um\GL\gl.h(1160,1): error C4430: missing type specifier - int assumed. Note: C++ does not support default-int
C:\Program Files (x86)\Windows Kits\10\Include\10.0.22621.0\um\GL\gl.h(1160,1): error C2086: 'int WINGDIAPI': redefinition
C:\Program Files (x86)\Windows Kits\10\Include\10.0.22621.0\um\GL\gl.h(1160,16): error C2182: 'APIENTRY': this use of 'void' is not valid
C:\Program Files (x86)\Windows Kits\10\Include\10.0.22621.0\um\GL\gl.h(1160,16): error C2086: 'int APIENTRY': redefinition
C:\Program Files (x86)\Windows Kits\10\Include\10.0.22621.0\um\GL\gl.h(1160,25): error C2146: syntax error: missing ';' before identifier 'glArrayElement'
C:\Program Files (x86)\Windows Kits\10\Include\10.0.22621.0\um\GL\gl.h(1160,25): error C4430: missing type specifier - int assumed. Note: C++ does not support default-int
C:\Program Files (x86)\Windows Kits\10\Include\10.0.22621.0\um\GL\gl.h(1161,11): error C2144: syntax error: 'void' should be preceded by ';'
C:\Program Files (x86)\Windows Kits\10\Include\10.0.22621.0\um\GL\gl.h(1161,1): error C4430: missing type specifier - int assumed. Note: C++ does not support default-int
C:\Program Files (x86)\Windows Kits\10\Include\10.0.22621.0\um\GL\gl.h(1161,1): error C2086: 'int WINGDIAPI': redefinition
C:\Program Files (x86)\Windows Kits\10\Include\10.0.22621.0\um\GL\gl.h(1161,16): error C2182: 'APIENTRY': this use of 'void' is not valid
C:\Program Files (x86)\Windows Kits\10\Include\10.0.22621.0\um\GL\gl.h(1161,16): error C2086: 'int APIENTRY': redefinition
C:\Program Files (x86)\Windows Kits\10\Include\10.0.22621.0\um\GL\gl.h(1161,25): error C2146: syntax error: missing ';' before identifier 'glBegin'
C:\Program Files (x86)\Windows Kits\10\Include\10.0.22621.0\um\GL\gl.h(1161,25): error C4430: missing type specifier - int assumed. Note: C++ does not support default-int
C:\Program Files (x86)\Windows Kits\10\Include\10.0.22621.0\um\GL\gl.h(1162,11): error C2144: syntax error: 'void' should be preceded by ';'
C:\Program Files (x86)\Windows Kits\10\Include\10.0.22621.0\um\GL\gl.h(1162,1): error C4430: missing type specifier - int assumed. Note: C++ does not support default-int
C:\Program Files (x86)\Windows Kits\10\Include\10.0.22621.0\um\GL\gl.h(1162,1): error C2086: 'int WINGDIAPI': redefinition
C:\Program Files (x86)\Windows Kits\10\Include\10.0.22621.0\um\GL\gl.h(1162,16): error C2182: 'APIENTRY': this use of 'void' is not valid
C:\Program Files (x86)\Windows Kits\10\Include\10.0.22621.0\um\GL\gl.h(1162,16): error C2086: 'int APIENTRY': redefinition
C:\Program Files (x86)\Windows Kits\10\Include\10.0.22621.0\um\GL\gl.h(1162,25): error C2146: syntax error: missing ';' before identifier 'glBindTexture'
C:\Program Files (x86)\Windows Kits\10\Include\10.0.22621.0\um\GL\gl.h(1162,25): error C4430: missing type specifier - int assumed. Note: C++ does not support default-int
C:\Program Files (x86)\Windows Kits\10\Include\10.0.22621.0\um\GL\gl.h(1163,11): error C2144: syntax error: 'void' should be preceded by ';'
C:\Program Files (x86)\Windows Kits\10\Include\10.0.22621.0\um\GL\gl.h(1163,1): error C4430: missing type specifier - int assumed. Note: C++ does not support default-int
C:\Program Files (x86)\Windows Kits\10\Include\10.0.22621.0\um\GL\gl.h(1163,1): error C2086: 'int WINGDIAPI': redefinition
C:\Program Files (x86)\Windows Kits\10\Include\10.0.22621.0\um\GL\gl.h(1163,16): error C2182: 'APIENTRY': this use of 'void' is not valid
C:\Program Files (x86)\Windows Kits\10\Include\10.0.22621.0\um\GL\gl.h(1163,16): error C2086: 'int APIENTRY': redefinition
C:\Program Files (x86)\Windows Kits\10\Include\10.0.22621.0\um\GL\gl.h(1163,25): error C2146: syntax error: missing ';' before identifier 'glBitmap'
C:\Program Files (x86)\Windows Kits\10\Include\10.0.22621.0\um\GL\gl.h(1163,25): error C4430: missing type specifier - int assumed. Note: C++ does not support default-int
C:\Program Files (x86)\Windows Kits\10\Include\10.0.22621.0\um\GL\gl.h(1164,11): error C2144: syntax error: 'void' should be preceded by ';'
C:\Program Files (x86)\Windows Kits\10\Include\10.0.22621.0\um\GL\gl.h(1164,1): error C4430: missing type specifier - int assumed. Note: C++ does not support default-int
C:\Program Files (x86)\Windows Kits\10\Include\10.0.22621.0\um\GL\gl.h(1164,1): error C2086: 'int WINGDIAPI': redefinition
C:\Program Files (x86)\Windows Kits\10\Include\10.0.22621.0\um\GL\gl.h(1164,16): error C2182: 'APIENTRY': this use of 'void' is not valid
C:\Program Files (x86)\Windows Kits\10\Include\10.0.22621.0\um\GL\gl.h(1164,16): error C2086: 'int APIENTRY': redefinition
C:\Program Files (x86)\Windows Kits\10\Include\10.0.22621.0\um\GL\gl.h(1164,25): error C2146: syntax error: missing ';' before identifier 'glBlendFunc'
C:\Program Files (x86)\Windows Kits\10\Include\10.0.22621.0\um\GL\gl.h(1164,25): error C4430: missing type specifier - int assumed. Note: C++ does not support default-int
C:\Program Files (x86)\Windows Kits\10\Include\10.0.22621.0\um\GL\gl.h(1165,11): error C2144: syntax error: 'void' should be preceded by ';'
C:\Program Files (x86)\Windows Kits\10\Include\10.0.22621.0\um\GL\gl.h(1165,1): error C4430: missing type specifier - int assumed. Note: C++ does not support default-int
C:\Program Files (x86)\Windows Kits\10\Include\10.0.22621.0\um\GL\gl.h(1165,1): error C2086: 'int WINGDIAPI': redefinition
C:\Program Files (x86)\Windows Kits\10\Include\10.0.22621.0\um\GL\gl.h(1165,16): error C2182: 'APIENTRY': this use of 'void' is not valid
C:\Program Files (x86)\Windows Kits\10\Include\10.0.22621.0\um\GL\gl.h(1165,16): error C2086: 'int APIENTRY': redefinition
C:\Program Files (x86)\Windows Kits\10\Include\10.0.22621.0\um\GL\gl.h(1165,25): error C2146: syntax error: missing ';' before identifier 'glCallList'
C:\Program Files (x86)\Windows Kits\10\Include\10.0.22621.0\um\GL\gl.h(1165,25): error C4430: missing type specifier - int assumed. Note: C++ does not support default-int
C:\Program Files (x86)\Windows Kits\10\Include\10.0.22621.0\um\GL\gl.h(1166,11): error C2144: syntax error: 'void' should be preceded by ';'
C:\Program Files (x86)\Windows Kits\10\Include\10.0.22621.0\um\GL\gl.h(1166,1): error C4430: missing type specifier - int assumed. Note: C++ does not support default-int
C:\Program Files (x86)\Windows Kits\10\Include\10.0.22621.0\um\GL\gl.h(1166,1): error C2086: 'int WINGDIAPI': redefinition
C:\Program Files (x86)\Windows Kits\10\Include\10.0.22621.0\um\GL\gl.h(1166,16): error C2182: 'APIENTRY': this use of 'void' is not valid
C:\Program Files (x86)\Windows Kits\10\Include\10.0.22621.0\um\GL\gl.h(1166,16): error C2086: 'int APIENTRY': redefinition
C:\Program Files (x86)\Windows Kits\10\Include\10.0.22621.0\um\GL\gl.h(1166,25): error C2146: syntax error: missing ';' before identifier 'glCallLists'
C:\Program Files (x86)\Windows Kits\10\Include\10.0.22621.0\um\GL\gl.h(1166,25): error C4430: missing type specifier - int assumed. Note: C++ does not support default-int
C:\Program Files (x86)\Windows Kits\10\Include\10.0.22621.0\um\GL\gl.h(1167,11): error C2144: syntax error: 'void' should be preceded by ';'
C:\Program Files (x86)\Windows Kits\10\Include\10.0.22621.0\um\GL\gl.h(1167,1): error C4430: missing type specifier - int assumed. Note: C++ does not support default-int
C:\Program Files (x86)\Windows Kits\10\Include\10.0.22621.0\um\GL\gl.h(1167,1): error C2086: 'int WINGDIAPI': redefinition
C:\Program Files (x86)\Windows Kits\10\Include\10.0.22621.0\um\GL\gl.h(1167,16): error C2182: 'APIENTRY': this use of 'void' is not valid
C:\Program Files (x86)\Windows Kits\10\Include\10.0.22621.0\um\GL\gl.h(1167,16): error C2086: 'int APIENTRY': redefinition
C:\Program Files (x86)\Windows Kits\10\Include\10.0.22621.0\um\GL\gl.h(1167,25): error C2146: syntax error: missing ';' before identifier 'glClear'
C:\Program Files (x86)\Windows Kits\10\Include\10.0.22621.0\um\GL\gl.h(1167,25): error C4430: missing type specifier - int assumed. Note: C++ does not support default-int
C:\Program Files (x86)\Windows Kits\10\Include\10.0.22621.0\um\GL\gl.h(1168,11): error C2144: syntax error: 'void' should be preceded by ';'
C:\Program Files (x86)\Windows Kits\10\Include\10.0.22621.0\um\GL\gl.h(1168,1): error C4430: missing type specifier - int assumed. Note: C++ does not support default-int
C:\Program Files (x86)\Windows Kits\10\Include\10.0.22621.0\um\GL\gl.h(1168,1): error C2086: 'int WINGDIAPI': redefinition
C:\Program Files (x86)\Windows Kits\10\Include\10.0.22621.0\um\GL\gl.h(1168,16): error C2182: 'APIENTRY': this use of 'void' is not valid
C:\Program Files (x86)\Windows Kits\10\Include\10.0.22621.0\um\GL\gl.h(1168,16): error C2086: 'int APIENTRY': redefinition
C:\Program Files (x86)\Windows Kits\10\Include\10.0.22621.0\um\GL\gl.h(1168,25): error C2146: syntax error: missing ';' before identifier 'glClearAccum'
C:\Program Files (x86)\Windows Kits\10\Include\10.0.22621.0\um\GL\gl.h(1168,25): error C4430: missing type specifier - int assumed. Note: C++ does not support default-int
C:\Program Files (x86)\Windows Kits\10\Include\10.0.22621.0\um\GL\gl.h(1169,11): error C2144: syntax error: 'void' should be preceded by ';'
C:\Program Files (x86)\Windows Kits\10\Include\10.0.22621.0\um\GL\gl.h(1169,1): error C4430: missing type specifier - int assumed. Note: C++ does not support default-int
C:\Program Files (x86)\Windows Kits\10\Include\10.0.22621.0\um\GL\gl.h(1169,1): error C2086: 'int WINGDIAPI': redefinition
C:\Program Files (x86)\Windows Kits\10\Include\10.0.22621.0\um\GL\gl.h(1169,16): error C2182: 'APIENTRY': this use of 'void' is not valid
C:\Program Files (x86)\Windows Kits\10\Include\10.0.22621.0\um\GL\gl.h(1169,16): error C2086: 'int APIENTRY': redefinition
C:\Program Files (x86)\Windows Kits\10\Include\10.0.22621.0\um\GL\gl.h(1169,25): error C2146: syntax error: missing ';' before identifier 'glClearColor'
C:\Program Files (x86)\Windows Kits\10\Include\10.0.22621.0\um\GL\gl.h(1169,25): error C4430: missing type specifier - int assumed. Note: C++ does not support default-int
C:\Program Files (x86)\Windows Kits\10\Include\10.0.22621.0\um\GL\gl.h(1170,11): error C2144: syntax error: 'void' should be preceded by ';'
C:\Program Files (x86)\Windows Kits\10\Include\10.0.22621.0\um\GL\gl.h(1170,1): error C4430: missing type specifier - int assumed. Note: C++ does not support default-int
C:\Program Files (x86)\Windows Kits\10\Include\10.0.22621.0\um\GL\gl.h(1170,1): error C2086: 'int WINGDIAPI': redefinition
C:\Program Files (x86)\Windows Kits\10\Include\10.0.22621.0\um\GL\gl.h(1170,16): error C2182: 'APIENTRY': this use of 'void' is not valid
C:\Program Files (x86)\Windows Kits\10\Include\10.0.22621.0\um\GL\gl.h(1170,16): error C2086: 'int APIENTRY': redefinition
C:\Program Files (x86)\Windows Kits\10\Include\10.0.22621.0\um\GL\gl.h(1170,25): error C2146: syntax error: missing ';' before identifier 'glClearDepth'
C:\Program Files (x86)\Windows Kits\10\Include\10.0.22621.0\um\GL\gl.h(1170,25): error C4430: missing type specifier - int assumed. Note: C++ does not support default-int
C:\Program Files (x86)\Windows Kits\10\Include\10.0.22621.0\um\GL\gl.h(1171,11): error C2144: syntax error: 'void' should be preceded by ';'
C:\Program Files (x86)\Windows Kits\10\Include\10.0.22621.0\um\GL\gl.h(1171,1): error C4430: missing type specifier - int assumed. Note: C++ does not support default-int
C:\Program Files (x86)\Windows Kits\10\Include\10.0.22621.0\um\GL\gl.h(1171,1): error C2086: 'int WINGDIAPI': redefinition
C:\Program Files (x86)\Windows Kits\10\Include\10.0.22621.0\um\GL\gl.h(1171,16): error C2182: 'APIENTRY': this use of 'void' is not valid
C:\Program Files (x86)\Windows Kits\10\Include\10.0.22621.0\um\GL\gl.h(1171,16): error C2086: 'int APIENTRY': redefinition
C:\Program Files (x86)\Windows Kits\10\Include\10.0.22621.0\um\GL\gl.h(1171,25): error C2146: syntax error: missing ';' before identifier 'glClearIndex'
C:\Program Files (x86)\Windows Kits\10\Include\10.0.22621.0\um\GL\gl.h(1171,25): error C4430: missing type specifier - int assumed. Note: C++ does not support default-int
C:\Program Files (x86)\Windows Kits\10\Include\10.0.22621.0\um\GL\gl.h(1172,11): error C2144: syntax error: 'void' should be preceded by ';'
C:\Program Files (x86)\Windows Kits\10\Include\10.0.22621.0\um\GL\gl.h(1172,1): error C4430: missing type specifier - int assumed. Note: C++ does not support default-int
C:\Program Files (x86)\Windows Kits\10\Include\10.0.22621.0\um\GL\gl.h(1172,1): error C2086: 'int WINGDIAPI': redefinition
C:\Program Files (x86)\Windows Kits\10\Include\10.0.22621.0\um\GL\gl.h(1172,16): error C2182: 'APIENTRY': this use of 'void' is not valid
C:\Program Files (x86)\Windows Kits\10\Include\10.0.22621.0\um\GL\gl.h(1172,16): error C2086: 'int APIENTRY': redefinition
C:\Program Files (x86)\Windows Kits\10\Include\10.0.22621.0\um\GL\gl.h(1172,25): error C2146: syntax error: missing ';' before identifier 'glClearStencil'
C:\Program Files (x86)\Windows Kits\10\Include\10.0.22621.0\um\GL\gl.h(1172,25): error C4430: missing type specifier - int assumed. Note: C++ does not support default-int
C:\Program Files (x86)\Windows Kits\10\Include\10.0.22621.0\um\GL\gl.h(1173,11): error C2144: syntax error: 'void' should be preceded by ';'
C:\Program Files (x86)\Windows Kits\10\Include\10.0.22621.0\um\GL\gl.h(1173,1): error C4430: missing type specifier - int assumed. Note: C++ does not support default-int
C:\Program Files (x86)\Windows Kits\10\Include\10.0.22621.0\um\GL\gl.h(1173,1): error C2086: 'int WINGDIAPI': redefinition
C:\Program Files (x86)\Windows Kits\10\Include\10.0.22621.0\um\GL\gl.h(1173,16): error C2182: 'APIENTRY': this use of 'void' is not valid
C:\Program Files (x86)\Windows Kits\10\Include\10.0.22621.0\um\GL\gl.h(1173,16): error C2086: 'int APIENTRY': redefinition
C:\Program Files (x86)\Windows Kits\10\Include\10.0.22621.0\um\GL\gl.h(1173,25): error C2146: syntax error: missing ';' before identifier 'glClipPlane'
C:\Program Files (x86)\Windows Kits\10\Include\10.0.22621.0\um\GL\gl.h(1173,25): error C4430: missing type specifier - int assumed. Note: C++ does not support default-int
C:\Program Files (x86)\Windows Kits\10\Include\10.0.22621.0\um\GL\gl.h(1174,11): error C2144: syntax error: 'void' should be preceded by ';'
C:\Program Files (x86)\Windows Kits\10\Include\10.0.22621.0\um\GL\gl.h(1174,1): error C4430: missing type specifier - int assumed. Note: C++ does not support default-int
C:\Program Files (x86)\Windows Kits\10\Include\10.0.22621.0\um\GL\gl.h(1174,1): error C2086: 'int WINGDIAPI': redefinition
C:\Program Files (x86)\Windows Kits\10\Include\10.0.22621.0\um\GL\gl.h(1174,16): error C2182: 'APIENTRY': this use of 'void' is not valid
C:\Program Files (x86)\Windows Kits\10\Include\10.0.22621.0\um\GL\gl.h(1174,16): error C2086: 'int APIENTRY': redefinition
C:\Program Files (x86)\Windows Kits\10\Include\10.0.22621.0\um\GL\gl.h(1174,25): error C2146: syntax error: missing ';' before identifier 'glColor3b'
C:\Program Files (x86)\Windows Kits\10\Include\10.0.22621.0\um\GL\gl.h(1174,25): error C4430: missing type specifier - int assumed. Note: C++ does not support default-int
C:\Program Files (x86)\Windows Kits\10\Include\10.0.22621.0\um\GL\gl.h(1175,11): error C2144: syntax error: 'void' should be preceded by ';'
C:\Program Files (x86)\Windows Kits\10\Include\10.0.22621.0\um\GL\gl.h(1175,1): error C4430: missing type specifier - int assumed. Note: C++ does not support default-int
C:\Program Files (x86)\Windows Kits\10\Include\10.0.22621.0\um\GL\gl.h(1175,1): error C2086: 'int WINGDIAPI': redefinition
C:\Program Files (x86)\Windows Kits\10\Include\10.0.22621.0\um\GL\gl.h(1175,16): error C2182: 'APIENTRY': this use of 'void' is not valid
C:\Program Files (x86)\Windows Kits\10\Include\10.0.22621.0\um\GL\gl.h(1175,16): error C2086: 'int APIENTRY': redefinition
C:\Program Files (x86)\Windows Kits\10\Include\10.0.22621.0\um\GL\gl.h(1175,25): error C2146: syntax error: missing ';' before identifier 'glColor3bv'
C:\Program Files (x86)\Windows Kits\10\Include\10.0.22621.0\um\GL\gl.h(1175,25): error C4430: missing type specifier - int assumed. Note: C++ does not support default-int
C:\Program Files (x86)\Windows Kits\10\Include\10.0.22621.0\um\GL\gl.h(1176,11): error C2144: syntax error: 'void' should be preceded by ';'
C:\Program Files (x86)\Windows Kits\10\Include\10.0.22621.0\um\GL\gl.h(1176,1): error C4430: missing type specifier - int assumed. Note: C++ does not support default-int
C:\Program Files (x86)\Windows Kits\10\Include\10.0.22621.0\um\GL\gl.h(1176,1): error C2086: 'int WINGDIAPI': redefinition
C:\Program Files (x86)\Windows Kits\10\Include\10.0.22621.0\um\GL\gl.h(1176,16): error C2182: 'APIENTRY': this use of 'void' is not valid
C:\Program Files (x86)\Windows Kits\10\Include\10.0.22621.0\um\GL\gl.h(1176,16): error C1003: error count exceeds 100; stopping compilation
  Generating Code...
