c:\users\a013867o\riderprojects\opengl-freeglut-project\hellogl\debug\vc143.pdb
c:\users\a013867o\riderprojects\opengl-freeglut-project\hellogl\debug\vc143.idb
c:\users\a013867o\riderprojects\opengl-freeglut-project\hellogl\debug\texture2d.obj
c:\users\a013867o\riderprojects\opengl-freeglut-project\hellogl\debug\sceneobject.obj
c:\users\a013867o\riderprojects\opengl-freeglut-project\hellogl\debug\pyramid.obj
c:\users\a013867o\riderprojects\opengl-freeglut-project\hellogl\debug\main.obj
c:\users\a013867o\riderprojects\opengl-freeglut-project\hellogl\debug\hellogl.obj
c:\users\a013867o\riderprojects\opengl-freeglut-project\hellogl\debug\glutcallbacks.obj
c:\users\a013867o\riderprojects\opengl-freeglut-project\hellogl\debug\cube.obj
c:\users\a013867o\riderprojects\opengl-freeglut-project\hellogl\debug\meshloader.obj
c:\users\a013867o\riderprojects\opengl-freeglut-project\hellogl\debug\tgaloader.obj
c:\users\a013867o\riderprojects\opengl-freeglut-project\hellogl\debug\terrain.obj
c:\users\a013867o\riderprojects\opengl-freeglut-project\debug\hellogl.exe
c:\users\a013867o\riderprojects\opengl-freeglut-project\debug\hellogl.pdb
c:\users\a013867o\riderprojects\opengl-freeglut-project\hellogl\debug\hellogl.ilk
c:\users\jakea\source\repos\opengl-freeglut-project\hellogl\debug\meshloader.obj
c:\users\jakea\source\repos\opengl-freeglut-project\hellogl\debug\tgaloader.obj
c:\users\jakea\source\repos\opengl-freeglut-project\hellogl\debug\hellogl.obj.enc
c:\users\jakea\source\repos\opengl-freeglut-project\hellogl\debug\hellogl.ilk
c:\users\jakea\source\repos\opengl-freeglut-project\hellogl\debug\vc143.idb
c:\users\jakea\source\repos\opengl-freeglut-project\hellogl\debug\vc143.pdb
c:\users\jakea\source\repos\opengl-freeglut-project\debug\hellogl.pdb
c:\users\jakea\source\repos\opengl-freeglut-project\hellogl\debug\hellogl.tlog\cl.command.1.tlog
c:\users\jakea\source\repos\opengl-freeglut-project\hellogl\debug\hellogl.tlog\cl.items.tlog
c:\users\jakea\source\repos\opengl-freeglut-project\hellogl\debug\hellogl.tlog\cl.read.1.tlog
c:\users\jakea\source\repos\opengl-freeglut-project\hellogl\debug\hellogl.tlog\cl.write.1.tlog
c:\users\jakea\source\repos\opengl-freeglut-project\hellogl\debug\hellogl.tlog\link.command.1.tlog
c:\users\jakea\source\repos\opengl-freeglut-project\hellogl\debug\hellogl.tlog\link.read.1.tlog
c:\users\jakea\source\repos\opengl-freeglut-project\hellogl\debug\hellogl.tlog\link.secondary.1.tlog
c:\users\jakea\source\repos\opengl-freeglut-project\hellogl\debug\hellogl.tlog\link.write.1.tlog
